C:\projects\03_Fuellstand_Vorbereitung_PID_Viso\Logical\Global.typ
C:\projects\03_Fuellstand_Vorbereitung_PID_Viso\Logical\Global.var
C:\projects\03_Fuellstand_Vorbereitung_PID_Viso\Logical\Libraries\operator\operator.fun
C:\projects\03_Fuellstand_Vorbereitung_PID_Viso\Logical\Libraries\operator\operator.typ
C:\projects\03_Fuellstand_Vorbereitung_PID_Viso\Logical\Libraries\operator\operator.var
C:\projects\03_Fuellstand_Vorbereitung_PID_Viso\Logical\Libraries\runtime\runtime.fun
C:\projects\03_Fuellstand_Vorbereitung_PID_Viso\Logical\Libraries\runtime\runtime.typ
C:\projects\03_Fuellstand_Vorbereitung_PID_Viso\Logical\Libraries\runtime\runtime.var
C:\projects\03_Fuellstand_Vorbereitung_PID_Viso\Logical\Libraries\astime\astime.fun
C:\projects\03_Fuellstand_Vorbereitung_PID_Viso\Logical\Libraries\astime\astime.typ
C:\projects\03_Fuellstand_Vorbereitung_PID_Viso\Logical\Libraries\astime\astime.var
C:\projects\03_Fuellstand_Vorbereitung_PID_Viso\Logical\Libraries\AsIecCon\AsIecCon.fun
C:\projects\03_Fuellstand_Vorbereitung_PID_Viso\Logical\Libraries\AsIecCon\AsIecCon.typ
C:\projects\03_Fuellstand_Vorbereitung_PID_Viso\Logical\Libraries\AsIecCon\AsIecCon.var
C:\projects\03_Fuellstand_Vorbereitung_PID_Viso\Logical\Libraries\standard\standard.fun
C:\projects\03_Fuellstand_Vorbereitung_PID_Viso\Logical\Libraries\standard\standard.typ
C:\projects\03_Fuellstand_Vorbereitung_PID_Viso\Logical\Libraries\standard\standard.var
C:\projects\03_Fuellstand_Vorbereitung_PID_Viso\Logical\Libraries\LoopCont\LoopCont.var
C:\projects\03_Fuellstand_Vorbereitung_PID_Viso\Logical\Libraries\LoopCont\LoopCont.typ
C:\projects\03_Fuellstand_Vorbereitung_PID_Viso\Logical\Libraries\LoopCont\LoopCont.fun
C:\projects\03_Fuellstand_Vorbereitung_PID_Viso\Logical\Libraries\sys_lib\sys_lib.fun
C:\projects\03_Fuellstand_Vorbereitung_PID_Viso\Logical\Libraries\sys_lib\sys_lib.typ
C:\projects\03_Fuellstand_Vorbereitung_PID_Viso\Logical\Libraries\sys_lib\sys_lib.var
C:\projects\03_Fuellstand_Vorbereitung_PID_Viso\Logical\Libraries\brsystem\brsystem.fun
C:\projects\03_Fuellstand_Vorbereitung_PID_Viso\Logical\Libraries\brsystem\brsystem.typ
C:\projects\03_Fuellstand_Vorbereitung_PID_Viso\Logical\Libraries\brsystem\brsystem.var
C:\projects\03_Fuellstand_Vorbereitung_PID_Viso\Logical\Libraries\MTBasics\MTBasics.fun
C:\projects\03_Fuellstand_Vorbereitung_PID_Viso\Logical\Libraries\MTBasics\MTBasics.typ
C:\projects\03_Fuellstand_Vorbereitung_PID_Viso\Logical\Libraries\MTBasics\MTBasics.var
C:\projects\03_Fuellstand_Vorbereitung_PID_Viso\Logical\Libraries\MTTypes\MTTypes.fun
C:\projects\03_Fuellstand_Vorbereitung_PID_Viso\Logical\Libraries\MTTypes\MTTypes.typ
C:\projects\03_Fuellstand_Vorbereitung_PID_Viso\Logical\Libraries\MTTypes\MTTypes.var
